render  0/60 frames  0.0 s
proto-pass tint content=Rect { left: -18.48162, top: -17.553192, right: 238.48163, bottom: 317.55316 } output=Rect { left: -18.48162, top: -17.553192, right: 238.48163, bottom: 317.55316 }
proto-pass tint content=Rect { left: -16.72784, top: -16.26709, right: 236.72784, bottom: 316.26712 } output=Rect { left: -16.72784, top: -16.26709, right: 236.72784, bottom: 316.26712 }
proto-pass tint content=Rect { left: -20.234924, top: -18.838928, right: 240.2349, bottom: 318.83893 } output=Rect { left: -20.234924, top: -18.838928, right: 240.2349, bottom: 318.83893 }
proto-pass tint content=Rect { left: -15.0, top: -15.0, right: 235.0, bottom: 315.0 } output=Rect { left: -15.0, top: -15.0, right: 235.0, bottom: 315.0 }
proto-pass tint content=Rect { left: -23.713013, top: -21.389557, right: 243.713, bottom: 321.38953 } output=Rect { left: -23.713013, top: -21.389557, right: 243.713, bottom: 321.38953 }
proto-pass tint content=Rect { left: -21.961357, top: -20.105011, right: 241.96136, bottom: 320.10504 } output=Rect { left: -21.961357, top: -20.105011, right: 241.96136, bottom: 320.10504 }
proto-pass saturation content=Rect { left: -18.481598, top: -17.553162, right: 238.48157, bottom: 317.5532 } output=Rect { left: -18.481598, top: -17.553162, right: 238.48157, bottom: 317.5532 }
proto-pass saturation content=Rect { left: -16.727844, top: -16.26706, right: 236.72778, bottom: 316.26712 } output=Rect { left: -16.727844, top: -16.26706, right: 236.72778, bottom: 316.26712 }
proto-pass saturation content=Rect { left: -20.234924, top: -18.838959, right: 240.23492, bottom: 318.83893 } output=Rect { left: -20.234924, top: -18.838959, right: 240.23492, bottom: 318.83893 }
proto-pass saturation content=Rect { left: -15.0, top: -15.0, right: 235.0, bottom: 315.0 } output=Rect { left: -15.0, top: -15.0, right: 235.0, bottom: 315.0 }
proto-pass saturation content=Rect { left: -23.713043, top: -21.389557, right: 243.71295, bottom: 321.38953 } output=Rect { left: -23.713043, top: -21.389557, right: 243.71295, bottom: 321.38953 }
proto-pass saturation content=Rect { left: -21.961334, top: -20.105011, right: 241.9614, bottom: 320.10504 } output=Rect { left: -21.961334, top: -20.105011, right: 241.9614, bottom: 320.10504 }
proto-pass brightness content=Rect { left: -18.481628, top: -17.553162, right: 238.48163, bottom: 317.5532 } output=Rect { left: -18.481628, top: -17.553162, right: 238.48163, bottom: 317.5532 }
proto-pass brightness content=Rect { left: -16.727844, top: -16.26709, right: 236.72778, bottom: 316.2671 } output=Rect { left: -16.727844, top: -16.26709, right: 236.72778, bottom: 316.2671 }
proto-pass brightness content=Rect { left: -20.234924, top: -18.838959, right: 240.23492, bottom: 318.83893 } output=Rect { left: -20.234924, top: -18.838959, right: 240.23492, bottom: 318.83893 }
proto-pass brightness content=Rect { left: -15.0, top: -15.0, right: 235.0, bottom: 315.0 } output=Rect { left: -15.0, top: -15.0, right: 235.0, bottom: 315.0 }
proto-pass brightness content=Rect { left: -23.713013, top: -21.389557, right: 243.71295, bottom: 321.38953 } output=Rect { left: -23.713013, top: -21.389557, right: 243.71295, bottom: 321.38953 }
proto-pass brightness content=Rect { left: -21.961365, top: -20.105011, right: 241.96136, bottom: 320.10504 } output=Rect { left: -21.961365, top: -20.105011, right: 241.96136, bottom: 320.10504 }
proto-pass contrast content=Rect { left: -16.727844, top: -16.26709, right: 236.72784, bottom: 316.2671 } output=Rect { left: -16.727844, top: -16.26709, right: 236.72784, bottom: 316.2671 }
proto-pass contrast content=Rect { left: -18.481628, top: -17.553192, right: 238.48163, bottom: 317.5532 } output=Rect { left: -18.481628, top: -17.553192, right: 238.48163, bottom: 317.5532 }
proto-pass contrast content=Rect { left: -15.0, top: -15.0, right: 235.0, bottom: 315.0 } output=Rect { left: -15.0, top: -15.0, right: 235.0, bottom: 315.0 }
proto-pass contrast content=Rect { left: -20.234924, top: -18.838928, right: 240.23492, bottom: 318.83896 } output=Rect { left: -20.234924, top: -18.838928, right: 240.23492, bottom: 318.83896 }
proto-pass contrast content=Rect { left: -21.961365, top: -20.105011, right: 241.9613, bottom: 320.10504 } output=Rect { left: -21.961365, top: -20.105011, right: 241.9613, bottom: 320.10504 }
proto-pass contrast content=Rect { left: -23.713013, top: -21.389557, right: 243.71301, bottom: 321.38953 } output=Rect { left: -23.713013, top: -21.389557, right: 243.71301, bottom: 321.38953 }
proto-pass brightness content=Rect { left: -16.728027, top: -16.26709, right: 236.72778, bottom: 316.26706 } output=Rect { left: -16.728027, top: -16.26709, right: 236.72778, bottom: 316.26706 }
proto-pass brightness content=Rect { left: -15.0, top: -15.0, right: 235.0, bottom: 315.0 } output=Rect { left: -15.0, top: -15.0, right: 235.0, bottom: 315.0 }
proto-pass brightness content=Rect { left: -18.481567, top: -17.553192, right: 238.48169, bottom: 317.5532 } output=Rect { left: -18.481567, top: -17.553192, right: 238.48169, bottom: 317.5532 }
proto-pass brightness content=Rect { left: -21.961426, top: -20.105011, right: 241.9613, bottom: 320.10504 } output=Rect { left: -21.961426, top: -20.105011, right: 241.9613, bottom: 320.10504 }
proto-pass brightness content=Rect { left: -20.234985, top: -18.838959, right: 240.23486, bottom: 318.83896 } output=Rect { left: -20.234985, top: -18.838959, right: 240.23486, bottom: 318.83896 }
proto-pass brightness content=Rect { left: -23.713013, top: -21.389557, right: 243.71289, bottom: 321.38953 } output=Rect { left: -23.713013, top: -21.389557, right: 243.71289, bottom: 321.38953 }
proto-pass contrast content=Rect { left: -15.0, top: -15.0, right: 235.0, bottom: 315.0 } output=Rect { left: -15.0, top: -15.0, right: 235.0, bottom: 315.0 }
proto-pass contrast content=Rect { left: -16.728027, top: -16.26709, right: 236.72778, bottom: 316.26706 } output=Rect { left: -16.728027, top: -16.26709, right: 236.72778, bottom: 316.26706 }
proto-pass contrast content=Rect { left: -18.481567, top: -17.553192, right: 238.48169, bottom: 317.5532 } output=Rect { left: -18.481567, top: -17.553192, right: 238.48169, bottom: 317.5532 }
proto-pass contrast content=Rect { left: -21.961426, top: -20.105011, right: 241.96118, bottom: 320.10504 } output=Rect { left: -21.961426, top: -20.105011, right: 241.96118, bottom: 320.10504 }
proto-pass contrast content=Rect { left: -20.234985, top: -18.838959, right: 240.23486, bottom: 318.8389 } output=Rect { left: -20.234985, top: -18.838959, right: 240.23486, bottom: 318.8389 }
proto-pass contrast content=Rect { left: -23.71289, top: -21.389557, right: 243.71301, bottom: 321.38953 } output=Rect { left: -23.71289, top: -21.389557, right: 243.71301, bottom: 321.38953 }
proto-pass tint content=Rect { left: -15.863934, top: -15.633545, right: 235.86395, bottom: 315.63354 } output=Rect { left: -15.863934, top: -15.633545, right: 235.86395, bottom: 315.63354 }
proto-pass tint content=Rect { left: -17.617863, top: -16.91977, right: 237.61786, bottom: 316.91977 } output=Rect { left: -17.617863, top: -16.91977, right: 237.61786, bottom: 316.91977 }
proto-pass tint content=Rect { left: -19.34526, top: -18.186554, right: 239.34529, bottom: 318.18652 } output=Rect { left: -19.34526, top: -18.186554, right: 239.34529, bottom: 318.18652 }
proto-pass saturation content=Rect { left: -15.863953, top: -15.633545, right: 235.86398, bottom: 315.63358 } output=Rect { left: -15.863953, top: -15.633545, right: 235.86398, bottom: 315.63358 }
proto-pass tint content=Rect { left: -22.850395, top: -20.756958, right: 242.8504, bottom: 320.75693 } output=Rect { left: -22.850395, top: -20.756958, right: 242.8504, bottom: 320.75693 }
proto-pass saturation content=Rect { left: -17.617859, top: -16.91977, right: 237.61783, bottom: 316.9198 } output=Rect { left: -17.617859, top: -16.91977, right: 237.61783, bottom: 316.9198 }
proto-pass tint content=Rect { left: -21.098251, top: -19.472046, right: 241.09824, bottom: 319.47205 } output=Rect { left: -21.098251, top: -19.472046, right: 241.09824, bottom: 319.47205 }
proto-pass saturation content=Rect { left: -19.345245, top: -18.186523, right: 239.34528, bottom: 318.18655 } output=Rect { left: -19.345245, top: -18.186523, right: 239.34528, bottom: 318.18655 }
proto-pass tint content=Rect { left: -24.57534, top: -22.021942, right: 244.57532, bottom: 322.02194 } output=Rect { left: -24.57534, top: -22.021942, right: 244.57532, bottom: 322.02194 }
proto-pass saturation content=Rect { left: -22.850403, top: -20.756927, right: 242.85037, bottom: 320.75696 } output=Rect { left: -22.850403, top: -20.756927, right: 242.85037, bottom: 320.75696 }
proto-pass brightness content=Rect { left: -15.863953, top: -15.633545, right: 235.86395, bottom: 315.63354 } output=Rect { left: -15.863953, top: -15.633545, right: 235.86395, bottom: 315.63354 }
proto-pass saturation content=Rect { left: -21.098267, top: -19.472046, right: 241.09827, bottom: 319.47205 } output=Rect { left: -21.098267, top: -19.472046, right: 241.09827, bottom: 319.47205 }
proto-pass brightness content=Rect { left: -17.617859, top: -16.9198, right: 237.61792, bottom: 316.9198 } output=Rect { left: -17.617859, top: -16.9198, right: 237.61792, bottom: 316.9198 }
proto-pass saturation content=Rect { left: -24.575348, top: -22.021942, right: 244.57529, bottom: 322.0219 } output=Rect { left: -24.575348, top: -22.021942, right: 244.57529, bottom: 322.0219 }
proto-pass brightness content=Rect { left: -19.345215, top: -18.186554, right: 239.34528, bottom: 318.18655 } output=Rect { left: -19.345215, top: -18.186554, right: 239.34528, bottom: 318.18655 }
proto-pass brightness content=Rect { left: -22.850342, top: -20.756927, right: 242.8504, bottom: 320.75696 } output=Rect { left: -22.850342, top: -20.756927, right: 242.8504, bottom: 320.75696 }
proto-pass brightness content=Rect { left: -21.098206, top: -19.472046, right: 241.09827, bottom: 319.47205 } output=Rect { left: -21.098206, top: -19.472046, right: 241.09827, bottom: 319.47205 }
proto-pass contrast content=Rect { left: -15.863953, top: -15.633545, right: 235.86401, bottom: 315.63358 } output=Rect { left: -15.863953, top: -15.633545, right: 235.86401, bottom: 315.63358 }
proto-pass brightness content=Rect { left: -24.575317, top: -22.021942, right: 244.57532, bottom: 322.02188 } output=Rect { left: -24.575317, top: -22.021942, right: 244.57532, bottom: 322.02188 }
proto-pass contrast content=Rect { left: -17.61792, top: -16.91977, right: 237.61786, bottom: 316.91983 } output=Rect { left: -17.61792, top: -16.91977, right: 237.61786, bottom: 316.91983 }
proto-pass contrast content=Rect { left: -19.345276, top: -18.186523, right: 239.34515, bottom: 318.18652 } output=Rect { left: -19.345276, top: -18.186523, right: 239.34515, bottom: 318.18652 }
proto-pass contrast content=Rect { left: -21.098206, top: -19.472046, right: 241.09833, bottom: 319.47205 } output=Rect { left: -21.098206, top: -19.472046, right: 241.09833, bottom: 319.47205 }
proto-pass contrast content=Rect { left: -22.850342, top: -20.756958, right: 242.85034, bottom: 320.75696 } output=Rect { left: -22.850342, top: -20.756958, right: 242.85034, bottom: 320.75696 }
proto-pass contrast content=Rect { left: -24.575378, top: -22.021942, right: 244.57532, bottom: 322.0219 } output=Rect { left: -24.575378, top: -22.021942, right: 244.57532, bottom: 322.0219 }
proto-pass brightness content=Rect { left: -17.61792, top: -16.9198, right: 237.6178, bottom: 316.91977 } output=Rect { left: -17.61792, top: -16.9198, right: 237.6178, bottom: 316.91977 }
proto-pass brightness content=Rect { left: -15.863892, top: -15.633545, right: 235.86389, bottom: 315.63354 } output=Rect { left: -15.863892, top: -15.633545, right: 235.86389, bottom: 315.63354 }
proto-pass brightness content=Rect { left: -19.345215, top: -18.186554, right: 239.34521, bottom: 318.18652 } output=Rect { left: -19.345215, top: -18.186554, right: 239.34521, bottom: 318.18652 }
proto-pass brightness content=Rect { left: -21.098145, top: -19.472046, right: 241.09839, bottom: 319.47205 } output=Rect { left: -21.098145, top: -19.472046, right: 241.09839, bottom: 319.47205 }
proto-pass brightness content=Rect { left: -22.850342, top: -20.756927, right: 242.85034, bottom: 320.75693 } output=Rect { left: -22.850342, top: -20.756927, right: 242.85034, bottom: 320.75693 }
proto-pass brightness content=Rect { left: -24.575195, top: -22.021912, right: 244.57544, bottom: 322.0219 } output=Rect { left: -24.575195, top: -22.021912, right: 244.57544, bottom: 322.0219 }
proto-pass contrast content=Rect { left: -15.863892, top: -15.633545, right: 235.86389, bottom: 315.63358 } output=Rect { left: -15.863892, top: -15.633545, right: 235.86389, bottom: 315.63358 }
proto-pass contrast content=Rect { left: -17.617798, top: -16.91977, right: 237.61792, bottom: 316.9198 } output=Rect { left: -17.617798, top: -16.91977, right: 237.61792, bottom: 316.9198 }
proto-pass contrast content=Rect { left: -19.345215, top: -18.186523, right: 239.34521, bottom: 318.18655 } output=Rect { left: -19.345215, top: -18.186523, right: 239.34521, bottom: 318.18655 }
proto-pass contrast content=Rect { left: -21.098267, top: -19.472046, right: 241.09827, bottom: 319.47205 } output=Rect { left: -21.098267, top: -19.472046, right: 241.09827, bottom: 319.47205 }
proto-pass contrast content=Rect { left: -22.850342, top: -20.756927, right: 242.85034, bottom: 320.75693 } output=Rect { left: -22.850342, top: -20.756927, right: 242.85034, bottom: 320.75693 }
proto-pass contrast content=Rect { left: -24.575317, top: -22.021942, right: 244.57544, bottom: 322.02194 } output=Rect { left: -24.575317, top: -22.021942, right: 244.57544, bottom: 322.02194 }
proto-pass tint content=Rect { left: -25.46347, top: -22.673187, right: 245.46346, bottom: 322.67322 } output=Rect { left: -25.46347, top: -22.673187, right: 245.46346, bottom: 322.67322 }
proto-pass tint content=Rect { left: -27.186409, top: -23.936707, right: 247.18643, bottom: 323.9367 } output=Rect { left: -27.186409, top: -23.936707, right: 247.18643, bottom: 323.9367 }
proto-pass saturation content=Rect { left: -25.46347, top: -22.673187, right: 245.46347, bottom: 322.67322 } output=Rect { left: -25.46347, top: -22.673187, right: 245.46347, bottom: 322.67322 }
proto-pass saturation content=Rect { left: -27.186401, top: -23.936676, right: 247.1864, bottom: 323.9367 } output=Rect { left: -27.186401, top: -23.936676, right: 247.1864, bottom: 323.9367 }
proto-pass tint content=Rect { left: -28.933784, top: -25.21811, right: 248.9338, bottom: 325.21817 } output=Rect { left: -28.933784, top: -25.21811, right: 248.9338, bottom: 325.21817 }
proto-pass tint content=Rect { left: -30.679276, top: -26.498108, right: 250.67923, bottom: 326.4982 } output=Rect { left: -30.679276, top: -26.498108, right: 250.67923, bottom: 326.4982 }
proto-pass tint content=Rect { left: -32.3966, top: -27.757507, right: 252.39664, bottom: 327.7575 } output=Rect { left: -32.3966, top: -27.757507, right: 252.39664, bottom: 327.7575 }
proto-pass tint content=Rect { left: -34.137596, top: -29.03424, right: 254.13759, bottom: 329.03424 } output=Rect { left: -34.137596, top: -29.03424, right: 254.13759, bottom: 329.03424 }
proto-pass brightness content=Rect { left: -25.46344, top: -22.673187, right: 245.46344, bottom: 322.67322 } output=Rect { left: -25.46344, top: -22.673187, right: 245.46344, bottom: 322.67322 }
proto-pass saturation content=Rect { left: -28.933777, top: -25.21811, right: 248.9338, bottom: 325.21817 } output=Rect { left: -28.933777, top: -25.21811, right: 248.9338, bottom: 325.21817 }
render  6/60 frames  0.4 s
proto-pass saturation content=Rect { left: -30.67926, top: -26.498138, right: 250.67929, bottom: 326.49817 } output=Rect { left: -30.67926, top: -26.498138, right: 250.67929, bottom: 326.49817 }
proto-pass brightness content=Rect { left: -27.186401, top: -23.936676, right: 247.1864, bottom: 323.93668 } output=Rect { left: -27.186401, top: -23.936676, right: 247.1864, bottom: 323.93668 }
proto-pass saturation content=Rect { left: -32.396606, top: -27.757507, right: 252.3966, bottom: 327.75754 } output=Rect { left: -32.396606, top: -27.757507, right: 252.3966, bottom: 327.75754 }
proto-pass saturation content=Rect { left: -34.137604, top: -29.03424, right: 254.13757, bottom: 329.0342 } output=Rect { left: -34.137604, top: -29.03424, right: 254.13757, bottom: 329.0342 }
proto-pass brightness content=Rect { left: -28.933716, top: -25.21811, right: 248.93384, bottom: 325.2182 } output=Rect { left: -28.933716, top: -25.21811, right: 248.93384, bottom: 325.2182 }
proto-pass brightness content=Rect { left: -30.67926, top: -26.498108, right: 250.67926, bottom: 326.49817 } output=Rect { left: -30.67926, top: -26.498108, right: 250.67926, bottom: 326.49817 }
proto-pass brightness content=Rect { left: -32.396545, top: -27.757507, right: 252.3966, bottom: 327.7575 } output=Rect { left: -32.396545, top: -27.757507, right: 252.3966, bottom: 327.7575 }
proto-pass contrast content=Rect { left: -25.463379, top: -22.673218, right: 245.4635, bottom: 322.6732 } output=Rect { left: -25.463379, top: -22.673218, right: 245.4635, bottom: 322.6732 }
proto-pass contrast content=Rect { left: -27.18634, top: -23.936676, right: 247.1864, bottom: 323.9367 } output=Rect { left: -27.18634, top: -23.936676, right: 247.1864, bottom: 323.9367 }
proto-pass brightness content=Rect { left: -34.137573, top: -29.03424, right: 254.13751, bottom: 329.03424 } output=Rect { left: -34.137573, top: -29.03424, right: 254.13751, bottom: 329.03424 }
render  12/60 frames  0.5 s
proto-pass contrast content=Rect { left: -28.933777, top: -25.21811, right: 248.93384, bottom: 325.2182 } output=Rect { left: -28.933777, top: -25.21811, right: 248.93384, bottom: 325.2182 }
proto-pass contrast content=Rect { left: -30.67926, top: -26.498138, right: 250.67932, bottom: 326.49814 } output=Rect { left: -30.67926, top: -26.498138, right: 250.67932, bottom: 326.49814 }
proto-pass contrast content=Rect { left: -32.396606, top: -27.757507, right: 252.39648, bottom: 327.7575 } output=Rect { left: -32.396606, top: -27.757507, right: 252.39648, bottom: 327.7575 }
proto-pass brightness content=Rect { left: -25.463379, top: -22.673218, right: 245.4635, bottom: 322.67325 } output=Rect { left: -25.463379, top: -22.673218, right: 245.4635, bottom: 322.67325 }
proto-pass brightness content=Rect { left: -27.186401, top: -23.936707, right: 247.1864, bottom: 323.93668 } output=Rect { left: -27.186401, top: -23.936707, right: 247.1864, bottom: 323.93668 }
proto-pass contrast content=Rect { left: -34.137695, top: -29.03424, right: 254.13745, bottom: 329.0342 } output=Rect { left: -34.137695, top: -29.03424, right: 254.13745, bottom: 329.0342 }
proto-pass brightness content=Rect { left: -28.933594, top: -25.21811, right: 248.93396, bottom: 325.21817 } output=Rect { left: -28.933594, top: -25.21811, right: 248.93396, bottom: 325.21817 }
proto-pass brightness content=Rect { left: -30.679321, top: -26.498138, right: 250.6792, bottom: 326.4982 } output=Rect { left: -30.679321, top: -26.498138, right: 250.6792, bottom: 326.4982 }
proto-pass brightness content=Rect { left: -32.396606, top: -27.757507, right: 252.3966, bottom: 327.75754 } output=Rect { left: -32.396606, top: -27.757507, right: 252.3966, bottom: 327.75754 }
proto-pass contrast content=Rect { left: -25.463379, top: -22.673187, right: 245.4635, bottom: 322.67325 } output=Rect { left: -25.463379, top: -22.673187, right: 245.4635, bottom: 322.67325 }
proto-pass contrast content=Rect { left: -27.186401, top: -23.936676, right: 247.1864, bottom: 323.93668 } output=Rect { left: -27.186401, top: -23.936676, right: 247.1864, bottom: 323.93668 }
proto-pass brightness content=Rect { left: -34.137573, top: -29.03424, right: 254.13757, bottom: 329.03418 } output=Rect { left: -34.137573, top: -29.03424, right: 254.13757, bottom: 329.03418 }
proto-pass contrast content=Rect { left: -28.933594, top: -25.21811, right: 248.93384, bottom: 325.2182 } output=Rect { left: -28.933594, top: -25.21811, right: 248.93384, bottom: 325.2182 }
proto-pass contrast content=Rect { left: -30.6792, top: -26.498108, right: 250.67932, bottom: 326.4982 } output=Rect { left: -30.6792, top: -26.498108, right: 250.67932, bottom: 326.4982 }
proto-pass contrast content=Rect { left: -32.396606, top: -27.757507, right: 252.3966, bottom: 327.7575 } output=Rect { left: -32.396606, top: -27.757507, right: 252.3966, bottom: 327.7575 }
proto-pass contrast content=Rect { left: -34.137573, top: -29.03424, right: 254.13745, bottom: 329.0342 } output=Rect { left: -34.137573, top: -29.03424, right: 254.13745, bottom: 329.0342 }
proto-pass tint content=Rect { left: -26.325127, top: -23.305084, right: 246.32512, bottom: 323.30515 } output=Rect { left: -26.325127, top: -23.305084, right: 246.32512, bottom: 323.30515 }
proto-pass tint content=Rect { left: -28.073364, top: -24.587128, right: 248.0734, bottom: 324.5872 } output=Rect { left: -28.073364, top: -24.587128, right: 248.0734, bottom: 324.5872 }
proto-pass saturation content=Rect { left: -26.325134, top: -23.305115, right: 246.32513, bottom: 323.3051 } output=Rect { left: -26.325134, top: -23.305115, right: 246.32513, bottom: 323.3051 }
proto-pass saturation content=Rect { left: -28.073334, top: -24.587128, right: 248.0734, bottom: 324.58716 } output=Rect { left: -28.073334, top: -24.587128, right: 248.0734, bottom: 324.58716 }
proto-pass tint content=Rect { left: -29.793755, top: -25.848755, right: 249.79376, bottom: 325.84875 } output=Rect { left: -29.793755, top: -25.848755, right: 249.79376, bottom: 325.84875 }
proto-pass tint content=Rect { left: -31.538208, top: -27.12799, right: 251.53821, bottom: 327.12802 } output=Rect { left: -31.538208, top: -27.12799, right: 251.53821, bottom: 327.12802 }
proto-pass tint content=Rect { left: -33.280403, top: -28.40564, right: 253.28036, bottom: 328.4056 } output=Rect { left: -33.280403, top: -28.40564, right: 253.28036, bottom: 328.4056 }
proto-pass brightness content=Rect { left: -26.325073, top: -23.305115, right: 246.32513, bottom: 323.30515 } output=Rect { left: -26.325073, top: -23.305115, right: 246.32513, bottom: 323.30515 }
proto-pass brightness content=Rect { left: -28.073425, top: -24.587128, right: 248.07336, bottom: 324.58716 } output=Rect { left: -28.073425, top: -24.587128, right: 248.07336, bottom: 324.58716 }
proto-pass saturation content=Rect { left: -29.793762, top: -25.848755, right: 249.7938, bottom: 325.84872 } output=Rect { left: -29.793762, top: -25.848755, right: 249.7938, bottom: 325.84872 }
proto-pass saturation content=Rect { left: -31.538208, top: -27.128021, right: 251.53827, bottom: 327.12805 } output=Rect { left: -31.538208, top: -27.128021, right: 251.53827, bottom: 327.12805 }
proto-pass tint content=Rect { left: -34.99415, top: -29.662384, right: 254.99414, bottom: 329.66235 } output=Rect { left: -34.99415, top: -29.662384, right: 254.99414, bottom: 329.66235 }
proto-pass saturation content=Rect { left: -33.280426, top: -28.40564, right: 253.28036, bottom: 328.4056 } output=Rect { left: -33.280426, top: -28.40564, right: 253.28036, bottom: 328.4056 }
proto-pass saturation content=Rect { left: -34.99414, top: -29.662354, right: 254.99414, bottom: 329.66238 } output=Rect { left: -34.99414, top: -29.662354, right: 254.99414, bottom: 329.66238 }
proto-pass brightness content=Rect { left: -29.793762, top: -25.848755, right: 249.7937, bottom: 325.8488 } output=Rect { left: -29.793762, top: -25.848755, right: 249.7937, bottom: 325.8488 }
proto-pass brightness content=Rect { left: -31.538208, top: -27.12799, right: 251.53827, bottom: 327.12805 } output=Rect { left: -31.538208, top: -27.12799, right: 251.53827, bottom: 327.12805 }
proto-pass contrast content=Rect { left: -26.325012, top: -23.305115, right: 246.32507, bottom: 323.3051 } output=Rect { left: -26.325012, top: -23.305115, right: 246.32507, bottom: 323.3051 }
proto-pass contrast content=Rect { left: -28.073425, top: -24.587128, right: 248.07324, bottom: 324.58716 } output=Rect { left: -28.073425, top: -24.587128, right: 248.07324, bottom: 324.58716 }
proto-pass brightness content=Rect { left: -33.280396, top: -28.40564, right: 253.28033, bottom: 328.40555 } output=Rect { left: -33.280396, top: -28.40564, right: 253.28033, bottom: 328.40555 }
proto-pass brightness content=Rect { left: -34.99408, top: -29.662384, right: 254.99414, bottom: 329.66238 } output=Rect { left: -34.99408, top: -29.662384, right: 254.99414, bottom: 329.66238 }
proto-pass contrast content=Rect { left: -29.793701, top: -25.848755, right: 249.79382, bottom: 325.84875 } output=Rect { left: -29.793701, top: -25.848755, right: 249.79382, bottom: 325.84875 }
proto-pass contrast content=Rect { left: -31.538208, top: -27.128021, right: 251.53821, bottom: 327.12802 } output=Rect { left: -31.538208, top: -27.128021, right: 251.53821, bottom: 327.12802 }
proto-pass contrast content=Rect { left: -33.280396, top: -28.40564, right: 253.28052, bottom: 328.40555 } output=Rect { left: -33.280396, top: -28.40564, right: 253.28052, bottom: 328.40555 }
proto-pass brightness content=Rect { left: -26.325195, top: -23.305115, right: 246.32507, bottom: 323.30515 } output=Rect { left: -26.325195, top: -23.305115, right: 246.32507, bottom: 323.30515 }
proto-pass brightness content=Rect { left: -28.073364, top: -24.587128, right: 248.07336, bottom: 324.58716 } output=Rect { left: -28.073364, top: -24.587128, right: 248.07336, bottom: 324.58716 }
proto-pass contrast content=Rect { left: -34.99414, top: -29.662354, right: 254.99402, bottom: 329.6624 } output=Rect { left: -34.99414, top: -29.662354, right: 254.99402, bottom: 329.6624 }
proto-pass brightness content=Rect { left: -29.793701, top: -25.848755, right: 249.79382, bottom: 325.84875 } output=Rect { left: -29.793701, top: -25.848755, right: 249.79382, bottom: 325.84875 }
proto-pass brightness content=Rect { left: -31.538086, top: -27.128021, right: 251.53833, bottom: 327.12802 } output=Rect { left: -31.538086, top: -27.128021, right: 251.53833, bottom: 327.12802 }
proto-pass brightness content=Rect { left: -33.280396, top: -28.40564, right: 253.2804, bottom: 328.40555 } output=Rect { left: -33.280396, top: -28.40564, right: 253.2804, bottom: 328.40555 }
proto-pass contrast content=Rect { left: -26.325195, top: -23.305115, right: 246.32507, bottom: 323.3051 } output=Rect { left: -26.325195, top: -23.305115, right: 246.32507, bottom: 323.3051 }
proto-pass contrast content=Rect { left: -28.073364, top: -24.587128, right: 248.07336, bottom: 324.58722 } output=Rect { left: -28.073364, top: -24.587128, right: 248.07336, bottom: 324.58722 }
proto-pass brightness content=Rect { left: -34.99414, top: -29.662384, right: 254.99414, bottom: 329.66235 } output=Rect { left: -34.99414, top: -29.662384, right: 254.99414, bottom: 329.66235 }
proto-pass contrast content=Rect { left: -31.538086, top: -27.12799, right: 251.53833, bottom: 327.12802 } output=Rect { left: -31.538086, top: -27.12799, right: 251.53833, bottom: 327.12802 }
proto-pass contrast content=Rect { left: -29.793701, top: -25.848755, right: 249.7937, bottom: 325.8488 } output=Rect { left: -29.793701, top: -25.848755, right: 249.7937, bottom: 325.8488 }
proto-pass contrast content=Rect { left: -33.280518, top: -28.40561, right: 253.2804, bottom: 328.40558 } output=Rect { left: -33.280518, top: -28.40561, right: 253.2804, bottom: 328.40558 }
proto-pass tint content=Rect { left: -35.87596, top: -30.309021, right: 255.87595, bottom: 330.30908 } output=Rect { left: -35.87596, top: -30.309021, right: 255.87595, bottom: 330.30908 }
proto-pass contrast content=Rect { left: -34.99414, top: -29.662354, right: 254.99414, bottom: 329.66238 } output=Rect { left: -34.99414, top: -29.662354, right: 254.99414, bottom: 329.66238 }
proto-pass tint content=Rect { left: -37.5856, top: -31.562775, right: 257.5856, bottom: 331.56277 } output=Rect { left: -37.5856, top: -31.562775, right: 257.5856, bottom: 331.56277 }
proto-pass saturation content=Rect { left: -35.875946, top: -30.309021, right: 255.87598, bottom: 330.3091 } output=Rect { left: -35.875946, top: -30.309021, right: 255.87598, bottom: 330.3091 }
proto-pass tint content=Rect { left: -39.318077, top: -32.833252, right: 259.31805, bottom: 332.83325 } output=Rect { left: -39.318077, top: -32.833252, right: 259.31805, bottom: 332.83325 }
proto-pass tint content=Rect { left: -41.047226, top: -34.10132, right: 261.0472, bottom: 334.1013 } output=Rect { left: -41.047226, top: -34.10132, right: 261.0472, bottom: 334.1013 }
proto-pass saturation content=Rect { left: -37.58557, top: -31.562775, right: 257.58557, bottom: 331.56277 } output=Rect { left: -37.58557, top: -31.562775, right: 257.58557, bottom: 331.56277 }
proto-pass tint content=Rect { left: -42.747093, top: -35.34787, right: 262.74707, bottom: 335.3479 } output=Rect { left: -42.747093, top: -35.34787, right: 262.74707, bottom: 335.3479 }
render  18/60 frames  0.8 s
proto-pass saturation content=Rect { left: -39.318054, top: -32.833252, right: 259.31808, bottom: 332.83322 } output=Rect { left: -39.318054, top: -32.833252, right: 259.31808, bottom: 332.83322 }
proto-pass brightness content=Rect { left: -35.875977, top: -30.309052, right: 255.87598, bottom: 330.3091 } output=Rect { left: -35.875977, top: -30.309052, right: 255.87598, bottom: 330.3091 }
proto-pass saturation content=Rect { left: -41.04724, top: -34.101288, right: 261.04724, bottom: 334.10132 } output=Rect { left: -41.04724, top: -34.101288, right: 261.04724, bottom: 334.10132 }
proto-pass tint content=Rect { left: -44.468933, top: -36.610535, right: 264.46893, bottom: 336.61057 } output=Rect { left: -44.468933, top: -36.610535, right: 264.46893, bottom: 336.61057 }
proto-pass saturation content=Rect { left: -42.74707, top: -35.34787, right: 262.7471, bottom: 335.34787 } output=Rect { left: -42.74707, top: -35.34787, right: 262.7471, bottom: 335.34787 }
proto-pass brightness content=Rect { left: -37.585632, top: -31.562775, right: 257.58563, bottom: 331.56277 } output=Rect { left: -37.585632, top: -31.562775, right: 257.58563, bottom: 331.56277 }
proto-pass saturation content=Rect { left: -44.468903, top: -36.610565, right: 264.46893, bottom: 336.61057 } output=Rect { left: -44.468903, top: -36.610565, right: 264.46893, bottom: 336.61057 }
proto-pass brightness content=Rect { left: -39.318115, top: -32.833252, right: 259.3181, bottom: 332.83322 } output=Rect { left: -39.318115, top: -32.833252, right: 259.3181, bottom: 332.83322 }
render  24/60 frames  0.8 s
proto-pass brightness content=Rect { left: -41.04724, top: -34.10132, right: 261.04724, bottom: 334.10132 } output=Rect { left: -41.04724, top: -34.10132, right: 261.04724, bottom: 334.10132 }
proto-pass brightness content=Rect { left: -42.74707, top: -35.34787, right: 262.74707, bottom: 335.3479 } output=Rect { left: -42.74707, top: -35.34787, right: 262.74707, bottom: 335.3479 }
proto-pass contrast content=Rect { left: -35.875977, top: -30.309021, right: 255.87598, bottom: 330.30908 } output=Rect { left: -35.875977, top: -30.309021, right: 255.87598, bottom: 330.30908 }
proto-pass contrast content=Rect { left: -37.58557, top: -31.562775, right: 257.5857, bottom: 331.5628 } output=Rect { left: -37.58557, top: -31.562775, right: 257.5857, bottom: 331.5628 }
proto-pass brightness content=Rect { left: -44.468994, top: -36.610565, right: 264.46893, bottom: 336.61057 } output=Rect { left: -44.468994, top: -36.610565, right: 264.46893, bottom: 336.61057 }
proto-pass contrast content=Rect { left: -39.317993, top: -32.833252, right: 259.31824, bottom: 332.83325 } output=Rect { left: -39.317993, top: -32.833252, right: 259.31824, bottom: 332.83325 }
proto-pass contrast content=Rect { left: -41.04724, top: -34.101288, right: 261.04712, bottom: 334.10135 } output=Rect { left: -41.04724, top: -34.101288, right: 261.04712, bottom: 334.10135 }
proto-pass contrast content=Rect { left: -42.74707, top: -35.34787, right: 262.7472, bottom: 335.34787 } output=Rect { left: -42.74707, top: -35.34787, right: 262.7472, bottom: 335.34787 }
proto-pass brightness content=Rect { left: -35.875977, top: -30.309021, right: 255.87598, bottom: 330.3091 } output=Rect { left: -35.875977, top: -30.309021, right: 255.87598, bottom: 330.3091 }
proto-pass contrast content=Rect { left: -44.468872, top: -36.610565, right: 264.46887, bottom: 336.61057 } output=Rect { left: -44.468872, top: -36.610565, right: 264.46887, bottom: 336.61057 }
proto-pass brightness content=Rect { left: -37.585693, top: -31.562775, right: 257.58557, bottom: 331.5628 } output=Rect { left: -37.585693, top: -31.562775, right: 257.58557, bottom: 331.5628 }
proto-pass brightness content=Rect { left: -39.318115, top: -32.833267, right: 259.31824, bottom: 332.83325 } output=Rect { left: -39.318115, top: -32.833267, right: 259.31824, bottom: 332.83325 }
proto-pass brightness content=Rect { left: -41.04712, top: -34.101303, right: 261.04736, bottom: 334.1013 } output=Rect { left: -41.04712, top: -34.101303, right: 261.04736, bottom: 334.1013 }
proto-pass brightness content=Rect { left: -42.747192, top: -35.34787, right: 262.74707, bottom: 335.34784 } output=Rect { left: -42.747192, top: -35.34787, right: 262.74707, bottom: 335.34784 }
proto-pass contrast content=Rect { left: -35.875977, top: -30.309006, right: 255.87598, bottom: 330.30914 } output=Rect { left: -35.875977, top: -30.309006, right: 255.87598, bottom: 330.30914 }
proto-pass brightness content=Rect { left: -44.468994, top: -36.61055, right: 264.46887, bottom: 336.6106 } output=Rect { left: -44.468994, top: -36.61055, right: 264.46887, bottom: 336.6106 }
proto-pass contrast content=Rect { left: -37.585693, top: -31.56279, right: 257.58557, bottom: 331.56277 } output=Rect { left: -37.585693, top: -31.56279, right: 257.58557, bottom: 331.56277 }
proto-pass contrast content=Rect { left: -39.318115, top: -32.833252, right: 259.3181, bottom: 332.83322 } output=Rect { left: -39.318115, top: -32.833252, right: 259.3181, bottom: 332.83322 }
proto-pass contrast content=Rect { left: -41.04724, top: -34.101288, right: 261.04724, bottom: 334.10132 } output=Rect { left: -41.04724, top: -34.101288, right: 261.04724, bottom: 334.10132 }
proto-pass contrast content=Rect { left: -42.74707, top: -35.34787, right: 262.7472, bottom: 335.3479 } output=Rect { left: -42.74707, top: -35.34787, right: 262.7472, bottom: 335.3479 }
proto-pass contrast content=Rect { left: -44.468872, top: -36.61055, right: 264.469, bottom: 336.6106 } output=Rect { left: -44.468872, top: -36.61055, right: 264.469, bottom: 336.6106 }
proto-pass tint content=Rect { left: -36.73114, top: -30.936188, right: 256.7312, bottom: 330.9361 } output=Rect { left: -36.73114, top: -30.936188, right: 256.7312, bottom: 330.9361 }
proto-pass tint content=Rect { left: -38.465164, top: -32.207794, right: 258.46518, bottom: 332.20773 } output=Rect { left: -38.465164, top: -32.207794, right: 258.46518, bottom: 332.20773 }
proto-pass saturation content=Rect { left: -36.73114, top: -30.936157, right: 256.73114, bottom: 330.93613 } output=Rect { left: -36.73114, top: -30.936157, right: 256.73114, bottom: 330.93613 }
proto-pass tint content=Rect { left: -40.17018, top: -33.45813, right: 260.1702, bottom: 333.4582 } output=Rect { left: -40.17018, top: -33.45813, right: 260.1702, bottom: 333.4582 }
proto-pass saturation content=Rect { left: -38.46518, top: -32.207764, right: 258.46512, bottom: 332.20776 } output=Rect { left: -38.46518, top: -32.207764, right: 258.46512, bottom: 332.20776 }
proto-pass tint content=Rect { left: -41.8976, top: -34.724915, right: 261.8976, bottom: 334.72485 } output=Rect { left: -41.8976, top: -34.724915, right: 261.8976, bottom: 334.72485 }
proto-pass tint content=Rect { left: -43.621346, top: -35.988983, right: 263.62137, bottom: 335.98892 } output=Rect { left: -43.621346, top: -35.988983, right: 263.62137, bottom: 335.98892 }
proto-pass saturation content=Rect { left: -40.170166, top: -33.45813, right: 260.17014, bottom: 333.45816 } output=Rect { left: -40.170166, top: -33.45813, right: 260.17014, bottom: 333.45816 }
proto-pass brightness content=Rect { left: -36.7312, top: -30.936157, right: 256.7312, bottom: 330.93613 } output=Rect { left: -36.7312, top: -30.936157, right: 256.7312, bottom: 330.93613 }
proto-pass tint content=Rect { left: -45.315544, top: -37.231384, right: 265.31552, bottom: 337.23138 } output=Rect { left: -45.315544, top: -37.231384, right: 265.31552, bottom: 337.23138 }
proto-pass saturation content=Rect { left: -41.897583, top: -34.724884, right: 261.89764, bottom: 334.72488 } output=Rect { left: -41.897583, top: -34.724884, right: 261.89764, bottom: 334.72488 }
proto-pass brightness content=Rect { left: -38.46515, top: -32.207794, right: 258.4652, bottom: 332.20776 } output=Rect { left: -38.46515, top: -32.207794, right: 258.4652, bottom: 332.20776 }
proto-pass saturation content=Rect { left: -43.62137, top: -35.989014, right: 263.62134, bottom: 335.98892 } output=Rect { left: -43.62137, top: -35.989014, right: 263.62134, bottom: 335.98892 }
proto-pass saturation content=Rect { left: -45.31555, top: -37.231384, right: 265.31546, bottom: 337.23138 } output=Rect { left: -45.31555, top: -37.231384, right: 265.31546, bottom: 337.23138 }
proto-pass brightness content=Rect { left: -40.170166, top: -33.45813, right: 260.17017, bottom: 333.45816 } output=Rect { left: -40.170166, top: -33.45813, right: 260.17017, bottom: 333.45816 }
proto-pass contrast content=Rect { left: -36.73108, top: -30.936157, right: 256.73108, bottom: 330.93613 } output=Rect { left: -36.73108, top: -30.936157, right: 256.73108, bottom: 330.93613 }
proto-pass brightness content=Rect { left: -41.897644, top: -34.724884, right: 261.89758, bottom: 334.72485 } output=Rect { left: -41.897644, top: -34.724884, right: 261.89758, bottom: 334.72485 }
proto-pass brightness content=Rect { left: -43.621338, top: -35.988983, right: 263.62134, bottom: 335.98895 } output=Rect { left: -43.621338, top: -35.988983, right: 263.62134, bottom: 335.98895 }
proto-pass contrast content=Rect { left: -38.465088, top: -32.207794, right: 258.4651, bottom: 332.20773 } output=Rect { left: -38.465088, top: -32.207794, right: 258.4651, bottom: 332.20773 }
proto-pass brightness content=Rect { left: -45.31549, top: -37.231415, right: 265.3155, bottom: 337.23135 } output=Rect { left: -45.31549, top: -37.231415, right: 265.3155, bottom: 337.23135 }
proto-pass contrast content=Rect { left: -40.170288, top: -33.45813, right: 260.17017, bottom: 333.4582 } output=Rect { left: -40.170288, top: -33.45813, right: 260.17017, bottom: 333.4582 }
proto-pass contrast content=Rect { left: -41.897705, top: -34.724915, right: 261.89758, bottom: 334.72485 } output=Rect { left: -41.897705, top: -34.724915, right: 261.89758, bottom: 334.72485 }
proto-pass contrast content=Rect { left: -43.621338, top: -35.988983, right: 263.62134, bottom: 335.98895 } output=Rect { left: -43.621338, top: -35.988983, right: 263.62134, bottom: 335.98895 }
proto-pass brightness content=Rect { left: -36.7312, top: -30.936157, right: 256.73108, bottom: 330.93613 } output=Rect { left: -36.7312, top: -30.936157, right: 256.73108, bottom: 330.93613 }
proto-pass brightness content=Rect { left: -38.46521, top: -32.207764, right: 258.4651, bottom: 332.20776 } output=Rect { left: -38.46521, top: -32.207764, right: 258.4651, bottom: 332.20776 }
proto-pass contrast content=Rect { left: -45.31555, top: -37.231384, right: 265.31555, bottom: 337.23135 } output=Rect { left: -45.31555, top: -37.231384, right: 265.31555, bottom: 337.23135 }
proto-pass brightness content=Rect { left: -40.170288, top: -33.458115, right: 260.17017, bottom: 333.4582 } output=Rect { left: -40.170288, top: -33.458115, right: 260.17017, bottom: 333.4582 }
proto-pass brightness content=Rect { left: -41.897583, top: -34.7249, right: 261.89758, bottom: 334.72488 } output=Rect { left: -41.897583, top: -34.7249, right: 261.89758, bottom: 334.72488 }
proto-pass brightness content=Rect { left: -43.621338, top: -35.988983, right: 263.62134, bottom: 335.98895 } output=Rect { left: -43.621338, top: -35.988983, right: 263.62134, bottom: 335.98895 }
proto-pass contrast content=Rect { left: -36.7312, top: -30.936172, right: 256.73108, bottom: 330.93613 } output=Rect { left: -36.7312, top: -30.936172, right: 256.73108, bottom: 330.93613 }
proto-pass brightness content=Rect { left: -45.31555, top: -37.231384, right: 265.31555, bottom: 337.23135 } output=Rect { left: -45.31555, top: -37.231384, right: 265.31555, bottom: 337.23135 }
proto-pass contrast content=Rect { left: -38.465088, top: -32.20778, right: 258.4651, bottom: 332.20776 } output=Rect { left: -38.465088, top: -32.20778, right: 258.4651, bottom: 332.20776 }
proto-pass contrast content=Rect { left: -40.170166, top: -33.45813, right: 260.1703, bottom: 333.45816 } output=Rect { left: -40.170166, top: -33.45813, right: 260.1703, bottom: 333.45816 }
proto-pass contrast content=Rect { left: -41.89746, top: -34.7249, right: 261.89758, bottom: 334.72485 } output=Rect { left: -41.89746, top: -34.7249, right: 261.89758, bottom: 334.72485 }
proto-pass contrast content=Rect { left: -43.621338, top: -35.989, right: 263.62134, bottom: 335.98895 } output=Rect { left: -43.621338, top: -35.989, right: 263.62134, bottom: 335.98895 }
proto-pass contrast content=Rect { left: -45.31555, top: -37.231384, right: 265.31543, bottom: 337.23132 } output=Rect { left: -45.31555, top: -37.231384, right: 265.31543, bottom: 337.23132 }
proto-pass tint content=Rect { left: -46.18676, top: -37.8703, right: 266.1867, bottom: 337.87027 } output=Rect { left: -46.18676, top: -37.8703, right: 266.1867, bottom: 337.87027 }
proto-pass tint content=Rect { left: -47.87477, top: -39.108154, right: 267.87476, bottom: 339.10815 } output=Rect { left: -47.87477, top: -39.108154, right: 267.87476, bottom: 339.10815 }
proto-pass saturation content=Rect { left: -46.186768, top: -37.87033, right: 266.1867, bottom: 337.87027 } output=Rect { left: -46.186768, top: -37.87033, right: 266.1867, bottom: 337.87027 }
proto-pass tint content=Rect { left: -49.583893, top: -40.36154, right: 269.5839, bottom: 340.36154 } output=Rect { left: -49.583893, top: -40.36154, right: 269.5839, bottom: 340.36154 }
proto-pass saturation content=Rect { left: -47.874756, top: -39.108124, right: 267.87482, bottom: 339.1082 } output=Rect { left: -47.874756, top: -39.108124, right: 267.87482, bottom: 339.1082 }
proto-pass tint content=Rect { left: -51.288284, top: -41.61145, right: 271.28827, bottom: 341.6114 } output=Rect { left: -51.288284, top: -41.61145, right: 271.28827, bottom: 341.6114 }
proto-pass tint content=Rect { left: -52.962387, top: -42.83908, right: 272.96243, bottom: 342.83908 } output=Rect { left: -52.962387, top: -42.83908, right: 272.96243, bottom: 342.83908 }
render  30/60 frames  1.2 s
proto-pass tint content=Rect { left: -54.656708, top: -44.081573, right: 274.6567, bottom: 344.08163 } output=Rect { left: -54.656708, top: -44.081573, right: 274.6567, bottom: 344.08163 }
proto-pass saturation content=Rect { left: -49.583923, top: -40.36154, right: 269.58386, bottom: 340.3615 } output=Rect { left: -49.583923, top: -40.36154, right: 269.58386, bottom: 340.3615 }
proto-pass brightness content=Rect { left: -46.186768, top: -37.8703, right: 266.18665, bottom: 337.8703 } output=Rect { left: -46.186768, top: -37.8703, right: 266.18665, bottom: 337.8703 }
proto-pass saturation content=Rect { left: -51.28833, top: -41.61142, right: 271.2883, bottom: 341.6114 } output=Rect { left: -51.28833, top: -41.61142, right: 271.2883, bottom: 341.6114 }
proto-pass saturation content=Rect { left: -52.96237, top: -42.83908, right: 272.96237, bottom: 342.83905 } output=Rect { left: -52.96237, top: -42.83908, right: 272.96237, bottom: 342.83905 }
proto-pass brightness content=Rect { left: -47.874756, top: -39.108154, right: 267.87482, bottom: 339.10815 } output=Rect { left: -47.874756, top: -39.108154, right: 267.87482, bottom: 339.10815 }
proto-pass saturation content=Rect { left: -54.65674, top: -44.081573, right: 274.65668, bottom: 344.08163 } output=Rect { left: -54.65674, top: -44.081573, right: 274.65668, bottom: 344.08163 }
proto-pass brightness content=Rect { left: -49.583923, top: -40.36154, right: 269.58386, bottom: 340.3615 } output=Rect { left: -49.583923, top: -40.36154, right: 269.58386, bottom: 340.3615 }
proto-pass contrast content=Rect { left: -46.186768, top: -37.8703, right: 266.18665, bottom: 337.8703 } output=Rect { left: -46.186768, top: -37.8703, right: 266.18665, bottom: 337.8703 }
proto-pass brightness content=Rect { left: -51.28833, top: -41.61142, right: 271.28833, bottom: 341.6114 } output=Rect { left: -51.28833, top: -41.61142, right: 271.28833, bottom: 341.6114 }
proto-pass brightness content=Rect { left: -52.962402, top: -42.839066, right: 272.96234, bottom: 342.8391 } output=Rect { left: -52.962402, top: -42.839066, right: 272.96234, bottom: 342.8391 }
proto-pass brightness content=Rect { left: -54.656616, top: -44.08159, right: 274.65674, bottom: 344.08157 } output=Rect { left: -54.656616, top: -44.08159, right: 274.65674, bottom: 344.08157 }
proto-pass contrast content=Rect { left: -47.874634, top: -39.108154, right: 267.87476, bottom: 339.10815 } output=Rect { left: -47.874634, top: -39.108154, right: 267.87476, bottom: 339.10815 }
render  36/60 frames  1.3 s
proto-pass contrast content=Rect { left: -49.583862, top: -40.36154, right: 269.58386, bottom: 340.36154 } output=Rect { left: -49.583862, top: -40.36154, right: 269.58386, bottom: 340.36154 }
proto-pass brightness content=Rect { left: -46.186768, top: -37.8703, right: 266.18665, bottom: 337.8703 } output=Rect { left: -46.186768, top: -37.8703, right: 266.18665, bottom: 337.8703 }
proto-pass contrast content=Rect { left: -51.28833, top: -41.61142, right: 271.2881, bottom: 341.61145 } output=Rect { left: -51.28833, top: -41.61142, right: 271.2881, bottom: 341.61145 }
proto-pass contrast content=Rect { left: -52.962402, top: -42.83908, right: 272.96252, bottom: 342.83908 } output=Rect { left: -52.962402, top: -42.83908, right: 272.96252, bottom: 342.83908 }
proto-pass contrast content=Rect { left: -54.656616, top: -44.081573, right: 274.65674, bottom: 344.08167 } output=Rect { left: -54.656616, top: -44.081573, right: 274.65674, bottom: 344.08167 }
proto-pass brightness content=Rect { left: -47.874634, top: -39.10814, right: 267.87476, bottom: 339.10812 } output=Rect { left: -47.874634, top: -39.10814, right: 267.87476, bottom: 339.10812 }
proto-pass brightness content=Rect { left: -49.583862, top: -40.36154, right: 269.58398, bottom: 340.3615 } output=Rect { left: -49.583862, top: -40.36154, right: 269.58398, bottom: 340.3615 }
proto-pass brightness content=Rect { left: -51.288208, top: -41.611435, right: 271.2882, bottom: 341.61142 } output=Rect { left: -51.288208, top: -41.611435, right: 271.2882, bottom: 341.61142 }
proto-pass contrast content=Rect { left: -46.186768, top: -37.8703, right: 266.18665, bottom: 337.87027 } output=Rect { left: -46.186768, top: -37.8703, right: 266.18665, bottom: 337.87027 }
proto-pass brightness content=Rect { left: -52.962402, top: -42.83908, right: 272.96252, bottom: 342.83905 } output=Rect { left: -52.962402, top: -42.83908, right: 272.96252, bottom: 342.83905 }
proto-pass brightness content=Rect { left: -54.656616, top: -44.081573, right: 274.65674, bottom: 344.08167 } output=Rect { left: -54.656616, top: -44.081573, right: 274.65674, bottom: 344.08167 }
proto-pass contrast content=Rect { left: -47.874634, top: -39.10814, right: 267.87476, bottom: 339.10815 } output=Rect { left: -47.874634, top: -39.10814, right: 267.87476, bottom: 339.10815 }
proto-pass contrast content=Rect { left: -49.583862, top: -40.36154, right: 269.58386, bottom: 340.3615 } output=Rect { left: -49.583862, top: -40.36154, right: 269.58386, bottom: 340.3615 }
proto-pass contrast content=Rect { left: -51.28833, top: -41.61142, right: 271.2881, bottom: 341.61142 } output=Rect { left: -51.28833, top: -41.61142, right: 271.2881, bottom: 341.61142 }
proto-pass contrast content=Rect { left: -52.962402, top: -42.839096, right: 272.9624, bottom: 342.8391 } output=Rect { left: -52.962402, top: -42.839096, right: 272.9624, bottom: 342.8391 }
proto-pass contrast content=Rect { left: -54.656616, top: -44.081573, right: 274.65686, bottom: 344.08167 } output=Rect { left: -54.656616, top: -44.081573, right: 274.65686, bottom: 344.08167 }
proto-pass tint content=Rect { left: -47.031296, top: -38.489624, right: 267.03125, bottom: 338.4896 } output=Rect { left: -47.031296, top: -38.489624, right: 267.03125, bottom: 338.4896 }
proto-pass tint content=Rect { left: -48.74266, top: -39.7446, right: 268.74268, bottom: 339.74466 } output=Rect { left: -48.74266, top: -39.7446, right: 268.74268, bottom: 339.74466 }
proto-pass saturation content=Rect { left: -47.03131, top: -38.489624, right: 267.03128, bottom: 338.4896 } output=Rect { left: -47.03131, top: -38.489624, right: 267.03128, bottom: 338.4896 }
proto-pass tint content=Rect { left: -50.423973, top: -40.97757, right: 270.42395, bottom: 340.97754 } output=Rect { left: -50.423973, top: -40.97757, right: 270.42395, bottom: 340.97754 }
proto-pass saturation content=Rect { left: -48.742676, top: -39.74463, right: 268.7426, bottom: 339.74466 } output=Rect { left: -48.742676, top: -39.74463, right: 268.7426, bottom: 339.74466 }
proto-pass tint content=Rect { left: -52.125946, top: -42.225708, right: 272.12598, bottom: 342.22565 } output=Rect { left: -52.125946, top: -42.225708, right: 272.12598, bottom: 342.22565 }
proto-pass brightness content=Rect { left: -47.031372, top: -38.489594, right: 267.03125, bottom: 338.48962 } output=Rect { left: -47.031372, top: -38.489594, right: 267.03125, bottom: 338.48962 }
proto-pass tint content=Rect { left: -53.822845, top: -43.470123, right: 273.82288, bottom: 343.47003 } output=Rect { left: -53.822845, top: -43.470123, right: 273.82288, bottom: 343.47003 }
proto-pass saturation content=Rect { left: -50.42395, top: -40.9776, right: 270.42395, bottom: 340.97754 } output=Rect { left: -50.42395, top: -40.9776, right: 270.42395, bottom: 340.97754 }
proto-pass tint content=Rect { left: -55.489243, top: -44.69211, right: 275.48923, bottom: 344.69214 } output=Rect { left: -55.489243, top: -44.69211, right: 275.48923, bottom: 344.69214 }
proto-pass brightness content=Rect { left: -48.742615, top: -39.7446, right: 268.74268, bottom: 339.74463 } output=Rect { left: -48.742615, top: -39.7446, right: 268.74268, bottom: 339.74463 }
proto-pass saturation content=Rect { left: -52.125946, top: -42.225708, right: 272.126, bottom: 342.22565 } output=Rect { left: -52.125946, top: -42.225708, right: 272.126, bottom: 342.22565 }
proto-pass saturation content=Rect { left: -53.822845, top: -43.470123, right: 273.82285, bottom: 343.47006 } output=Rect { left: -53.822845, top: -43.470123, right: 273.82285, bottom: 343.47006 }
proto-pass saturation content=Rect { left: -55.489227, top: -44.69211, right: 275.48923, bottom: 344.69214 } output=Rect { left: -55.489227, top: -44.69211, right: 275.48923, bottom: 344.69214 }
proto-pass brightness content=Rect { left: -50.42401, top: -40.9776, right: 270.4239, bottom: 340.97757 } output=Rect { left: -50.42401, top: -40.9776, right: 270.4239, bottom: 340.97757 }
proto-pass contrast content=Rect { left: -47.03125, top: -38.48961, right: 267.03125, bottom: 338.4896 } output=Rect { left: -47.03125, top: -38.48961, right: 267.03125, bottom: 338.4896 }
proto-pass brightness content=Rect { left: -52.125977, top: -42.225677, right: 272.12592, bottom: 342.2257 } output=Rect { left: -52.125977, top: -42.225677, right: 272.12592, bottom: 342.2257 }
proto-pass contrast content=Rect { left: -48.742676, top: -39.744614, right: 268.74255, bottom: 339.74463 } output=Rect { left: -48.742676, top: -39.744614, right: 268.74255, bottom: 339.74463 }
proto-pass brightness content=Rect { left: -53.822876, top: -43.470108, right: 273.82288, bottom: 343.47003 } output=Rect { left: -53.822876, top: -43.470108, right: 273.82288, bottom: 343.47003 }
proto-pass brightness content=Rect { left: -55.489258, top: -44.69211, right: 275.48926, bottom: 344.6921 } output=Rect { left: -55.489258, top: -44.69211, right: 275.48926, bottom: 344.6921 }
proto-pass contrast content=Rect { left: -50.424072, top: -40.9776, right: 270.42395, bottom: 340.97754 } output=Rect { left: -50.424072, top: -40.9776, right: 270.42395, bottom: 340.97754 }
proto-pass brightness content=Rect { left: -47.031372, top: -38.489624, right: 267.03125, bottom: 338.4896 } output=Rect { left: -47.031372, top: -38.489624, right: 267.03125, bottom: 338.4896 }
proto-pass contrast content=Rect { left: -53.822876, top: -43.470123, right: 273.82288, bottom: 343.47 } output=Rect { left: -53.822876, top: -43.470123, right: 273.82288, bottom: 343.47 }
proto-pass contrast content=Rect { left: -52.125977, top: -42.225693, right: 272.12598, bottom: 342.22565 } output=Rect { left: -52.125977, top: -42.225693, right: 272.12598, bottom: 342.22565 }
proto-pass brightness content=Rect { left: -48.742676, top: -39.744614, right: 268.74255, bottom: 339.74463 } output=Rect { left: -48.742676, top: -39.744614, right: 268.74255, bottom: 339.74463 }
proto-pass contrast content=Rect { left: -55.489258, top: -44.69211, right: 275.48926, bottom: 344.6921 } output=Rect { left: -55.489258, top: -44.69211, right: 275.48926, bottom: 344.6921 }
proto-pass brightness content=Rect { left: -50.42395, top: -40.977585, right: 270.42395, bottom: 340.97754 } output=Rect { left: -50.42395, top: -40.977585, right: 270.42395, bottom: 340.97754 }
proto-pass contrast content=Rect { left: -47.031372, top: -38.489624, right: 267.03125, bottom: 338.4896 } output=Rect { left: -47.031372, top: -38.489624, right: 267.03125, bottom: 338.4896 }
proto-pass brightness content=Rect { left: -52.125854, top: -42.225708, right: 272.1261, bottom: 342.22565 } output=Rect { left: -52.125854, top: -42.225708, right: 272.1261, bottom: 342.22565 }
proto-pass brightness content=Rect { left: -55.489258, top: -44.692123, right: 275.48926, bottom: 344.69208 } output=Rect { left: -55.489258, top: -44.692123, right: 275.48926, bottom: 344.69208 }
proto-pass brightness content=Rect { left: -53.822876, top: -43.470123, right: 273.82288, bottom: 343.47003 } output=Rect { left: -53.822876, top: -43.470123, right: 273.82288, bottom: 343.47003 }
proto-pass contrast content=Rect { left: -48.742554, top: -39.744614, right: 268.74255, bottom: 339.7446 } output=Rect { left: -48.742554, top: -39.744614, right: 268.74255, bottom: 339.7446 }
proto-pass contrast content=Rect { left: -50.42383, top: -40.977585, right: 270.42395, bottom: 340.9775 } output=Rect { left: -50.42383, top: -40.977585, right: 270.42395, bottom: 340.9775 }
proto-pass contrast content=Rect { left: -52.125732, top: -42.225693, right: 272.12598, bottom: 342.22565 } output=Rect { left: -52.125732, top: -42.225693, right: 272.12598, bottom: 342.22565 }
proto-pass contrast content=Rect { left: -55.489258, top: -44.692093, right: 275.48938, bottom: 344.69208 } output=Rect { left: -55.489258, top: -44.692093, right: 275.48938, bottom: 344.69208 }
proto-pass tint content=Rect { left: -56.345596, top: -45.3201, right: 276.34564, bottom: 345.32013 } output=Rect { left: -56.345596, top: -45.3201, right: 276.34564, bottom: 345.32013 }
proto-pass contrast content=Rect { left: -53.822876, top: -43.470123, right: 273.82288, bottom: 343.47003 } output=Rect { left: -53.822876, top: -43.470123, right: 273.82288, bottom: 343.47003 }
proto-pass tint content=Rect { left: -58.00377, top: -46.536102, right: 278.00372, bottom: 346.53607 } output=Rect { left: -58.00377, top: -46.536102, right: 278.00372, bottom: 346.53607 }
proto-pass saturation content=Rect { left: -56.34561, top: -45.32007, right: 276.34558, bottom: 345.32013 } output=Rect { left: -56.34561, top: -45.32007, right: 276.34558, bottom: 345.32013 }
proto-pass tint content=Rect { left: -59.681213, top: -47.766235, right: 279.6812, bottom: 347.76624 } output=Rect { left: -59.681213, top: -47.766235, right: 279.6812, bottom: 347.76624 }
render  42/60 frames  1.6 s
proto-pass saturation content=Rect { left: -58.003754, top: -46.536102, right: 278.0038, bottom: 346.5361 } output=Rect { left: -58.003754, top: -46.536102, right: 278.0038, bottom: 346.5361 }
proto-pass saturation content=Rect { left: -59.681213, top: -47.766205, right: 279.68118, bottom: 347.76627 } output=Rect { left: -59.681213, top: -47.766205, right: 279.68118, bottom: 347.76627 }
proto-pass tint content=Rect { left: -61.352554, top: -48.991882, right: 281.35257, bottom: 348.99188 } output=Rect { left: -61.352554, top: -48.991882, right: 281.35257, bottom: 348.99188 }
proto-pass brightness content=Rect { left: -56.345642, top: -45.32007, right: 276.34558, bottom: 345.32013 } output=Rect { left: -56.345642, top: -45.32007, right: 276.34558, bottom: 345.32013 }
proto-pass tint content=Rect { left: -62.992744, top: -50.194702, right: 282.99274, bottom: 350.19464 } output=Rect { left: -62.992744, top: -50.194702, right: 282.99274, bottom: 350.19464 }
proto-pass brightness content=Rect { left: -58.003723, top: -46.53607, right: 278.00378, bottom: 346.53607 } output=Rect { left: -58.003723, top: -46.53607, right: 278.00378, bottom: 346.53607 }
proto-pass tint content=Rect { left: -64.65129, top: -51.41095, right: 284.65128, bottom: 351.41092 } output=Rect { left: -64.65129, top: -51.41095, right: 284.65128, bottom: 351.41092 }
proto-pass saturation content=Rect { left: -61.35254, top: -48.991882, right: 281.35254, bottom: 348.99188 } output=Rect { left: -61.35254, top: -48.991882, right: 281.35254, bottom: 348.99188 }
proto-pass brightness content=Rect { left: -59.681213, top: -47.76622, right: 279.68127, bottom: 347.76624 } output=Rect { left: -59.681213, top: -47.76622, right: 279.68127, bottom: 347.76624 }
proto-pass saturation content=Rect { left: -62.992767, top: -50.194702, right: 282.99268, bottom: 350.19467 } output=Rect { left: -62.992767, top: -50.194702, right: 282.99268, bottom: 350.19467 }
render  48/60 frames  1.7 s
proto-pass saturation content=Rect { left: -64.651276, top: -51.41095, right: 284.6512, bottom: 351.41092 } output=Rect { left: -64.651276, top: -51.41095, right: 284.6512, bottom: 351.41092 }
proto-pass brightness content=Rect { left: -61.35254, top: -48.991867, right: 281.35254, bottom: 348.99188 } output=Rect { left: -61.35254, top: -48.991867, right: 281.35254, bottom: 348.99188 }
proto-pass contrast content=Rect { left: -56.34558, top: -45.320084, right: 276.3457, bottom: 345.3202 } output=Rect { left: -56.34558, top: -45.320084, right: 276.3457, bottom: 345.3202 }
proto-pass contrast content=Rect { left: -58.003784, top: -46.53607, right: 278.00366, bottom: 346.53604 } output=Rect { left: -58.003784, top: -46.53607, right: 278.00366, bottom: 346.53604 }
proto-pass brightness content=Rect { left: -62.992798, top: -50.194687, right: 282.99268, bottom: 350.19464 } output=Rect { left: -62.992798, top: -50.194687, right: 282.99268, bottom: 350.19464 }
proto-pass contrast content=Rect { left: -59.681274, top: -47.766235, right: 279.68127, bottom: 347.76624 } output=Rect { left: -59.681274, top: -47.766235, right: 279.68127, bottom: 347.76624 }
proto-pass brightness content=Rect { left: -64.651245, top: -51.41095, right: 284.65137, bottom: 351.4109 } output=Rect { left: -64.651245, top: -51.41095, right: 284.65137, bottom: 351.4109 }
proto-pass contrast content=Rect { left: -61.35254, top: -48.991867, right: 281.35242, bottom: 348.99188 } output=Rect { left: -61.35254, top: -48.991867, right: 281.35242, bottom: 348.99188 }
proto-pass brightness content=Rect { left: -56.34546, top: -45.3201, right: 276.3457, bottom: 345.32016 } output=Rect { left: -56.34546, top: -45.3201, right: 276.3457, bottom: 345.32016 }
proto-pass brightness content=Rect { left: -58.003662, top: -46.536057, right: 278.00366, bottom: 346.53607 } output=Rect { left: -58.003662, top: -46.536057, right: 278.00366, bottom: 346.53607 }
proto-pass contrast content=Rect { left: -62.992676, top: -50.194702, right: 282.9928, bottom: 350.19467 } output=Rect { left: -62.992676, top: -50.194702, right: 282.9928, bottom: 350.19467 }
proto-pass brightness content=Rect { left: -59.681274, top: -47.766235, right: 279.6814, bottom: 347.76627 } output=Rect { left: -59.681274, top: -47.766235, right: 279.6814, bottom: 347.76627 }
proto-pass contrast content=Rect { left: -64.651245, top: -51.410934, right: 284.65125, bottom: 351.4109 } output=Rect { left: -64.651245, top: -51.410934, right: 284.65125, bottom: 351.4109 }
proto-pass brightness content=Rect { left: -61.35254, top: -48.991867, right: 281.35242, bottom: 348.99188 } output=Rect { left: -61.35254, top: -48.991867, right: 281.35242, bottom: 348.99188 }
proto-pass contrast content=Rect { left: -56.34546, top: -45.32007, right: 276.3457, bottom: 345.32016 } output=Rect { left: -56.34546, top: -45.32007, right: 276.3457, bottom: 345.32016 }
proto-pass brightness content=Rect { left: -62.992676, top: -50.194702, right: 282.9928, bottom: 350.19464 } output=Rect { left: -62.992676, top: -50.194702, right: 282.9928, bottom: 350.19464 }
proto-pass brightness content=Rect { left: -64.65137, top: -51.41095, right: 284.65112, bottom: 351.41092 } output=Rect { left: -64.65137, top: -51.41095, right: 284.65112, bottom: 351.41092 }
proto-pass contrast content=Rect { left: -58.003662, top: -46.536057, right: 278.00366, bottom: 346.53607 } output=Rect { left: -58.003662, top: -46.536057, right: 278.00366, bottom: 346.53607 }
proto-pass contrast content=Rect { left: -59.681274, top: -47.766235, right: 279.68127, bottom: 347.76627 } output=Rect { left: -59.681274, top: -47.766235, right: 279.68127, bottom: 347.76627 }
proto-pass contrast content=Rect { left: -61.35254, top: -48.99186, right: 281.35242, bottom: 348.99188 } output=Rect { left: -61.35254, top: -48.99186, right: 281.35242, bottom: 348.99188 }
proto-pass contrast content=Rect { left: -62.992676, top: -50.194702, right: 282.99268, bottom: 350.19464 } output=Rect { left: -62.992676, top: -50.194702, right: 282.99268, bottom: 350.19464 }
proto-pass tint content=Rect { left: -57.175392, top: -45.92862, right: 277.17538, bottom: 345.9286 } output=Rect { left: -57.175392, top: -45.92862, right: 277.17538, bottom: 345.9286 }
proto-pass contrast content=Rect { left: -64.65137, top: -51.410934, right: 284.65112, bottom: 351.4109 } output=Rect { left: -64.65137, top: -51.410934, right: 284.65112, bottom: 351.4109 }
proto-pass tint content=Rect { left: -58.85576, top: -47.16089, right: 278.85577, bottom: 347.1609 } output=Rect { left: -58.85576, top: -47.16089, right: 278.85577, bottom: 347.1609 }
proto-pass tint content=Rect { left: -60.50518, top: -48.370453, right: 280.5052, bottom: 348.37054 } output=Rect { left: -60.50518, top: -48.370453, right: 280.5052, bottom: 348.37054 }
proto-pass saturation content=Rect { left: -57.175415, top: -45.92862, right: 277.17532, bottom: 345.92856 } output=Rect { left: -57.175415, top: -45.92862, right: 277.17532, bottom: 345.92856 }
proto-pass tint content=Rect { left: -62.173416, top: -49.59384, right: 282.17343, bottom: 349.5939 } output=Rect { left: -62.173416, top: -49.59384, right: 282.17343, bottom: 349.5939 }
proto-pass saturation content=Rect { left: -58.855774, top: -47.16089, right: 278.85574, bottom: 347.16092 } output=Rect { left: -58.855774, top: -47.16089, right: 278.85574, bottom: 347.16092 }
proto-pass saturation content=Rect { left: -60.505157, top: -48.370483, right: 280.50522, bottom: 348.37054 } output=Rect { left: -60.505157, top: -48.370483, right: 280.50522, bottom: 348.37054 }
proto-pass tint content=Rect { left: -63.835228, top: -50.8125, right: 283.8352, bottom: 350.8125 } output=Rect { left: -63.835228, top: -50.8125, right: 283.8352, bottom: 350.8125 }
proto-pass brightness content=Rect { left: -57.175476, top: -45.92865, right: 277.1753, bottom: 345.9286 } output=Rect { left: -57.175476, top: -45.92865, right: 277.1753, bottom: 345.9286 }
proto-pass saturation content=Rect { left: -62.1734, top: -49.59384, right: 282.17343, bottom: 349.59384 } output=Rect { left: -62.1734, top: -49.59384, right: 282.17343, bottom: 349.59384 }
proto-pass tint content=Rect { left: -65.46568, top: -52.00818, right: 285.4657, bottom: 352.00815 } output=Rect { left: -65.46568, top: -52.00818, right: 285.4657, bottom: 352.00815 }
proto-pass brightness content=Rect { left: -58.855774, top: -47.160873, right: 278.8557, bottom: 347.16095 } output=Rect { left: -58.855774, top: -47.160873, right: 278.8557, bottom: 347.16095 }
proto-pass brightness content=Rect { left: -60.505188, top: -48.370483, right: 280.5052, bottom: 348.37048 } output=Rect { left: -60.505188, top: -48.370483, right: 280.5052, bottom: 348.37048 }
proto-pass saturation content=Rect { left: -63.835236, top: -50.81247, right: 283.83517, bottom: 350.8125 } output=Rect { left: -63.835236, top: -50.81247, right: 283.83517, bottom: 350.8125 }
proto-pass saturation content=Rect { left: -65.46567, top: -52.00818, right: 285.4657, bottom: 352.00815 } output=Rect { left: -65.46567, top: -52.00818, right: 285.4657, bottom: 352.00815 }
proto-pass brightness content=Rect { left: -62.1734, top: -49.59384, right: 282.1734, bottom: 349.59384 } output=Rect { left: -62.1734, top: -49.59384, right: 282.1734, bottom: 349.59384 }
proto-pass contrast content=Rect { left: -57.175415, top: -45.92862, right: 277.1754, bottom: 345.9286 } output=Rect { left: -57.175415, top: -45.92862, right: 277.1754, bottom: 345.9286 }
proto-pass contrast content=Rect { left: -58.855835, top: -47.16089, right: 278.85583, bottom: 347.1609 } output=Rect { left: -58.855835, top: -47.16089, right: 278.85583, bottom: 347.1609 }
proto-pass brightness content=Rect { left: -63.835205, top: -50.812485, right: 283.83527, bottom: 350.8125 } output=Rect { left: -63.835205, top: -50.812485, right: 283.83527, bottom: 350.8125 }
proto-pass contrast content=Rect { left: -60.505127, top: -48.37047, right: 280.50525, bottom: 348.37048 } output=Rect { left: -60.505127, top: -48.37047, right: 280.50525, bottom: 348.37048 }
proto-pass brightness content=Rect { left: -65.46576, top: -52.00818, right: 285.46564, bottom: 352.00818 } output=Rect { left: -65.46576, top: -52.00818, right: 285.46564, bottom: 352.00818 }
proto-pass contrast content=Rect { left: -62.17334, top: -49.59384, right: 282.17346, bottom: 349.59384 } output=Rect { left: -62.17334, top: -49.59384, right: 282.17346, bottom: 349.59384 }
proto-pass brightness content=Rect { left: -57.175415, top: -45.92862, right: 277.1754, bottom: 345.9286 } output=Rect { left: -57.175415, top: -45.92862, right: 277.1754, bottom: 345.9286 }
proto-pass contrast content=Rect { left: -63.835327, top: -50.81247, right: 283.8352, bottom: 350.8125 } output=Rect { left: -63.835327, top: -50.81247, right: 283.8352, bottom: 350.8125 }
proto-pass brightness content=Rect { left: -58.855713, top: -47.16089, right: 278.8557, bottom: 347.16092 } output=Rect { left: -58.855713, top: -47.16089, right: 278.8557, bottom: 347.16092 }
proto-pass contrast content=Rect { left: -65.4657, top: -52.008194, right: 285.4657, bottom: 352.00818 } output=Rect { left: -65.4657, top: -52.008194, right: 285.4657, bottom: 352.00818 }
proto-pass brightness content=Rect { left: -60.50525, top: -48.37047, right: 280.50513, bottom: 348.3705 } output=Rect { left: -60.50525, top: -48.37047, right: 280.50513, bottom: 348.3705 }
proto-pass brightness content=Rect { left: -62.173462, top: -49.59384, right: 282.17346, bottom: 349.59384 } output=Rect { left: -62.173462, top: -49.59384, right: 282.17346, bottom: 349.59384 }
proto-pass contrast content=Rect { left: -57.175415, top: -45.92862, right: 277.1754, bottom: 345.9286 } output=Rect { left: -57.175415, top: -45.92862, right: 277.1754, bottom: 345.9286 }
proto-pass brightness content=Rect { left: -63.835327, top: -50.81247, right: 283.8352, bottom: 350.8125 } output=Rect { left: -63.835327, top: -50.81247, right: 283.8352, bottom: 350.8125 }
proto-pass contrast content=Rect { left: -58.85559, top: -47.160904, right: 278.85583, bottom: 347.1609 } output=Rect { left: -58.85559, top: -47.160904, right: 278.85583, bottom: 347.1609 }
proto-pass brightness content=Rect { left: -65.46582, top: -52.008194, right: 285.4657, bottom: 352.00818 } output=Rect { left: -65.46582, top: -52.008194, right: 285.4657, bottom: 352.00818 }
proto-pass contrast content=Rect { left: -60.505127, top: -48.370483, right: 280.50525, bottom: 348.3705 } output=Rect { left: -60.505127, top: -48.370483, right: 280.50525, bottom: 348.3705 }
proto-pass contrast content=Rect { left: -62.173462, top: -49.593826, right: 282.17346, bottom: 349.59387 } output=Rect { left: -62.173462, top: -49.593826, right: 282.17346, bottom: 349.59387 }
proto-pass contrast content=Rect { left: -63.835083, top: -50.81247, right: 283.8352, bottom: 350.81253 } output=Rect { left: -63.835083, top: -50.81247, right: 283.8352, bottom: 350.81253 }
proto-pass contrast content=Rect { left: -65.46582, top: -52.008186, right: 285.4657, bottom: 352.00818 } output=Rect { left: -65.46582, top: -52.008186, right: 285.4657, bottom: 352.00818 }
render  54/60 frames  2.1 s
render  60/60 frames  2.1 s
