== equivalence: hoot.padded.exact vs hoot.unpadded-even.exact
    0 ms:       0 px differ, max   0, >8:      0
  133 ms:      75 px differ, max   1, >8:      0
  266 ms:      83 px differ, max   1, >8:      0
  400 ms:     146 px differ, max   1, >8:      0
  533 ms:     160 px differ, max   1, >8:      0
  666 ms:     138 px differ, max   1, >8:      0
  800 ms:     129 px differ, max   1, >8:      0
  933 ms:     150 px differ, max   1, >8:      0
 1066 ms:     140 px differ, max   1, >8:      0
 1200 ms:     139 px differ, max   1, >8:      0
 1333 ms:     161 px differ, max   1, >8:      0
 1466 ms:     253 px differ, max   1, >8:      0
 1600 ms:     139 px differ, max   1, >8:      0
 1733 ms:     212 px differ, max   1, >8:      0
 1866 ms:     112 px differ, max   1, >8:      0
 2000 ms:     135 px differ, max   1, >8:      0
 2133 ms:     311 px differ, max   1, >8:      0
 2266 ms:     133 px differ, max   1, >8:      0
 2400 ms:     292 px differ, max   1, >8:      0
 2533 ms:     180 px differ, max   1, >8:      0
 2666 ms:     176 px differ, max   1, >8:      0
 2800 ms:     189 px differ, max   1, >8:      0
 2933 ms:     220 px differ, max   1, >8:      0
 3066 ms:     103 px differ, max   1, >8:      0
 3200 ms:     142 px differ, max   1, >8:      0
 3333 ms:     144 px differ, max   1, >8:      0
 3466 ms:     225 px differ, max   1, >8:      0
 3600 ms:     210 px differ, max   1, >8:      0
 3733 ms:     179 px differ, max   1, >8:      0
 3866 ms:     249 px differ, max   1, >8:      0
 4000 ms:     176 px differ, max   1, >8:      0
 4133 ms:     219 px differ, max   1, >8:      0
 4266 ms:     152 px differ, max   1, >8:      0
 4400 ms:     147 px differ, max   1, >8:      0
 4533 ms:     149 px differ, max   1, >8:      0
 4666 ms:     169 px differ, max   1, >8:      0
 4800 ms:     100 px differ, max   1, >8:      0
 4933 ms:     223 px differ, max   1, >8:      0
 5066 ms:     188 px differ, max   1, >8:      0
 5200 ms:     139 px differ, max   1, >8:      0
 5333 ms:     167 px differ, max   1, >8:      0
 5466 ms:     257 px differ, max   1, >8:      0
 5600 ms:     141 px differ, max   1, >8:      0
 5733 ms:     193 px differ, max   1, >8:      0
 5866 ms:     141 px differ, max   1, >8:      0
 6000 ms:      96 px differ, max   1, >8:      0
 6133 ms:     181 px differ, max   1, >8:      0
 6266 ms:     270 px differ, max   1, >8:      0
 6400 ms:     172 px differ, max   1, >8:      0
 6533 ms:     230 px differ, max   1, >8:      0
 6666 ms:     139 px differ, max   1, >8:      0
 6800 ms:     160 px differ, max   1, >8:      0
 6933 ms:     133 px differ, max   1, >8:      0
 7066 ms:     160 px differ, max   1, >8:      0
 7200 ms:     249 px differ, max   1, >8:      0
 7333 ms:     233 px differ, max   1, >8:      0
 7466 ms:     280 px differ, max   1, >8:      0
 7600 ms:     172 px differ, max   1, >8:      0
 7733 ms:     216 px differ, max   1, >8:      0
 7866 ms:     160 px differ, max   1, >8:      0
1/60 identical; largest channel difference 1 at 133 ms
== score owl vs pinned: hoot.montagent vs hoot.unpadded
    0 ms:       0 px differ, max   0, >8:      0
  133 ms:   42427 px differ, max  61, >8:   3400
  266 ms:   75991 px differ, max  61, >8:   5957
  400 ms:   75936 px differ, max  61, >8:   6188
  533 ms:   75942 px differ, max  61, >8:   6190
  666 ms:   75949 px differ, max  61, >8:   6172
  800 ms:   78853 px differ, max  61, >8:   6300
  933 ms:   78007 px differ, max  61, >8:   6202
 1066 ms:   78927 px differ, max  61, >8:   6281
 1200 ms:   78821 px differ, max  61, >8:   6262
 1333 ms:   79406 px differ, max  61, >8:   6315
 1466 ms:   78444 px differ, max  61, >8:   6264
 1600 ms:   78361 px differ, max  61, >8:   6315
 1733 ms:   78625 px differ, max  61, >8:   6269
 1866 ms:   78510 px differ, max  61, >8:   6289
 2000 ms:   78336 px differ, max  61, >8:   6255
 2133 ms:   78762 px differ, max  61, >8:   6313
 2266 ms:   78715 px differ, max  61, >8:   6285
 2400 ms:   78966 px differ, max  61, >8:   6295
 2533 ms:   76551 px differ, max  61, >8:   6177
 2666 ms:   75909 px differ, max  61, >8:   6158
 2800 ms:   76036 px differ, max  61, >8:   6175
 2933 ms:   75795 px differ, max  61, >8:   6190
 3066 ms:   75735 px differ, max  61, >8:   6183
 3200 ms:   75748 px differ, max  61, >8:   6186
 3333 ms:   75759 px differ, max  61, >8:   6199
 3466 ms:   78768 px differ, max  63, >8:   6430
 3600 ms:   77021 px differ, max  62, >8:   6087
 3733 ms:   78893 px differ, max  62, >8:   6313
 3866 ms:   78633 px differ, max  62, >8:   6307
 4000 ms:   78251 px differ, max  62, >8:   6336
 4133 ms:   78771 px differ, max  62, >8:   6354
 4266 ms:   79083 px differ, max  62, >8:   6310
 4400 ms:   78866 px differ, max  62, >8:   6313
 4533 ms:   78324 px differ, max  62, >8:   6279
 4666 ms:   75383 px differ, max  62, >8:   5689
 4800 ms:   78636 px differ, max  62, >8:   6302
 4933 ms:   78761 px differ, max  62, >8:   6353
 5066 ms:   78312 px differ, max  62, >8:   6300
 5200 ms:   79131 px differ, max  62, >8:   6335
 5333 ms:   78983 px differ, max  62, >8:   6300
 5466 ms:   78859 px differ, max  62, >8:   6317
 5600 ms:   78637 px differ, max  62, >8:   6352
 5733 ms:   78690 px differ, max  62, >8:   6345
 5866 ms:   78705 px differ, max  62, >8:   6369
 6000 ms:   78588 px differ, max  62, >8:   6368
 6133 ms:   78649 px differ, max  62, >8:   6282
 6266 ms:   78682 px differ, max  62, >8:   6334
 6400 ms:   78692 px differ, max  61, >8:   6387
 6533 ms:   76666 px differ, max  64, >8:   6247
 6666 ms:   76258 px differ, max  61, >8:   6179
 6800 ms:   81933 px differ, max  62, >8:   6493
 6933 ms:   81437 px differ, max  64, >8:   6477
 7066 ms:   81938 px differ, max  63, >8:   6514
 7200 ms:   81244 px differ, max  63, >8:   6526
 7333 ms:   81347 px differ, max  63, >8:   6477
 7466 ms:   81378 px differ, max  63, >8:   6504
 7600 ms:   78375 px differ, max  63, >8:   5809
 7733 ms:   81107 px differ, max  63, >8:   6554
 7866 ms:   81938 px differ, max  63, >8:   6514
1/60 identical; largest channel difference 64 at 6533 ms
== encoding alone: hoot.montagent vs hoot.padded.exact
    0 ms:       0 px differ, max   0, >8:      0
  133 ms:   34656 px differ, max  56, >8:   3071
  266 ms:   61788 px differ, max  56, >8:   5528
  400 ms:   61693 px differ, max  56, >8:   5738
  533 ms:   61705 px differ, max  56, >8:   5723
  666 ms:   61756 px differ, max  56, >8:   5718
  800 ms:   63675 px differ, max  56, >8:   5787
  933 ms:   63015 px differ, max  56, >8:   5669
 1066 ms:   63773 px differ, max  56, >8:   5798
 1200 ms:   63759 px differ, max  56, >8:   5749
 1333 ms:   64151 px differ, max  56, >8:   5793
 1466 ms:   62869 px differ, max  56, >8:   5854
 1600 ms:   62812 px differ, max  56, >8:   5832
 1733 ms:   62879 px differ, max  56, >8:   5856
 1866 ms:   62766 px differ, max  56, >8:   5832
 2000 ms:   63415 px differ, max  56, >8:   5749
 2133 ms:   63559 px differ, max  56, >8:   5793
 2266 ms:   63353 px differ, max  56, >8:   5794
 2400 ms:   63443 px differ, max  56, >8:   5800
 2533 ms:   61841 px differ, max  56, >8:   5818
 2666 ms:   61243 px differ, max  56, >8:   5749
 2800 ms:   61399 px differ, max  56, >8:   5754
 2933 ms:   61180 px differ, max  56, >8:   5753
 3066 ms:   61106 px differ, max  56, >8:   5751
 3200 ms:   61135 px differ, max  56, >8:   5782
 3333 ms:   61200 px differ, max  56, >8:   5778
 3466 ms:   62977 px differ, max  55, >8:   5844
 3600 ms:   61307 px differ, max  55, >8:   5622
 3733 ms:   63135 px differ, max  58, >8:   5754
 3866 ms:   62854 px differ, max  58, >8:   5812
 4000 ms:   62603 px differ, max  58, >8:   5807
 4133 ms:   62973 px differ, max  58, >8:   5823
 4266 ms:   63509 px differ, max  58, >8:   5749
 4400 ms:   63099 px differ, max  58, >8:   5758
 4533 ms:   62785 px differ, max  58, >8:   5761
 4666 ms:   59871 px differ, max  58, >8:   5091
 4800 ms:   62714 px differ, max  58, >8:   5754
 4933 ms:   62861 px differ, max  58, >8:   5761
 5066 ms:   62650 px differ, max  58, >8:   5772
 5200 ms:   63852 px differ, max  58, >8:   5740
 5333 ms:   63359 px differ, max  58, >8:   5730
 5466 ms:   63179 px differ, max  58, >8:   5768
 5600 ms:   63027 px differ, max  58, >8:   5775
 5733 ms:   63009 px differ, max  58, >8:   5796
 5866 ms:   62931 px differ, max  58, >8:   5813
 6000 ms:   62794 px differ, max  58, >8:   5825
 6133 ms:   63035 px differ, max  58, >8:   5719
 6266 ms:   62964 px differ, max  58, >8:   5822
 6400 ms:   62910 px differ, max  55, >8:   5820
 6533 ms:   61672 px differ, max  56, >8:   5896
 6666 ms:   61935 px differ, max  56, >8:   5718
 6800 ms:   65699 px differ, max  57, >8:   5845
 6933 ms:   65359 px differ, max  55, >8:   5844
 7066 ms:   65664 px differ, max  55, >8:   5871
 7200 ms:   64616 px differ, max  55, >8:   5918
 7333 ms:   64527 px differ, max  55, >8:   5923
 7466 ms:   64680 px differ, max  55, >8:   5900
 7600 ms:   61923 px differ, max  55, >8:   5122
 7733 ms:   64477 px differ, max  55, >8:   5961
 7866 ms:   65664 px differ, max  55, >8:   5871
1/60 identical; largest channel difference 58 at 3733 ms
DONE
